[0.034s][warning][cds] A jar file is not the one used while building the shared archive file: C:\Users\user\AppData\Roaming\Code\User\globalStorage\pleiades.java-extension-pack-jdk\java\21\lib\modules
[0.034s][warning][cds] A jar file is not the one used while building the shared archive file: C:\Users\user\AppData\Roaming\Code\User\globalStorage\pleiades.java-extension-pack-jdk\java\21\lib\modules
[0.034s][warning][cds] C:\Users\user\AppData\Roaming\Code\User\globalStorage\pleiades.java-extension-pack-jdk\java\21\lib\modules timestamp has changed.
[INFO] Scanning for projects...
[INFO] 
[INFO] -----------------< appli_pre_etudes:appli_pre_etudes >------------------
[INFO] Building appli_pre_etudes 0.0.1-SNAPSHOT
[INFO]   from pom.xml
[INFO] --------------------------------[ jar ]---------------------------------
[INFO] 
[INFO] --- build-helper:3.5.0:add-source (add-additional-source) @ appli_pre_etudes ---
[INFO] Source directory: C:\Users\user\Downloads\appli_pre_etudes\appli_pre_etudes\src\main added.
[INFO] 
[INFO] --- resources:3.3.1:resources (default-resources) @ appli_pre_etudes ---
[INFO] Copying 1 resource from src to target\classes
[INFO] skip non existing resourceDirectory C:\Users\user\Downloads\appli_pre_etudes\appli_pre_etudes\img
[INFO] skip non existing resourceDirectory C:\Users\user\Downloads\appli_pre_etudes\appli_pre_etudes\src\main\img
[INFO] skip non existing resourceDirectory C:\Users\user\Downloads\appli_pre_etudes\appli_pre_etudes\src\main\ressources
[INFO] 
[INFO] --- compiler:3.11.0:compile (default-compile) @ appli_pre_etudes ---
[INFO] Changes detected - recompiling the module! :source
[INFO] Compiling 91 source files with javac [debug release 21] to target\classes
[INFO] -------------------------------------------------------------
[ERROR] COMPILATION ERROR : 
[INFO] -------------------------------------------------------------
[ERROR] /C:/Users/user/Downloads/appli_pre_etudes/appli_pre_etudes/src/vue/util/FinancialChartsRenderer.java:[11,14] class FinancialCharts is public, should be declared in a file named FinancialCharts.java
[ERROR] /C:/Users/user/Downloads/appli_pre_etudes/appli_pre_etudes/src/vue/util/ChartFactory.java:[15,14] class ChartsFactory is public, should be declared in a file named ChartsFactory.java
[ERROR] /C:/Users/user/Downloads/appli_pre_etudes/appli_pre_etudes/src/vue/util/ChartsFactory.java:[15,14] duplicate class: vue.util.ChartsFactory
[ERROR] /C:/Users/user/Downloads/appli_pre_etudes/appli_pre_etudes/src/vue/EstimationProd/PageEstimationPVGISOffGrid.java:[273,9] cannot find symbol
  symbol:   class File
  location: class vue.EstimationProd.PageEstimationPVGISOffGrid
[ERROR] /C:/Users/user/Downloads/appli_pre_etudes/appli_pre_etudes/src/vue/EstimationProd/PageEstimationPVGISOffGrid.java:[275,9] cannot find symbol
  symbol:   class File
  location: class vue.EstimationProd.PageEstimationPVGISOffGrid
[ERROR] /C:/Users/user/Downloads/appli_pre_etudes/appli_pre_etudes/src/vue/EstimationProd/PageEstimationPVGISOffGrid.java:[275,87] cannot find symbol
  symbol:   class File
  location: class vue.EstimationProd.PageEstimationPVGISOffGrid
[ERROR] /C:/Users/user/Downloads/appli_pre_etudes/appli_pre_etudes/src/vue/EstimationProd/PageEstimationPVGISOffGrid.java:[304,9] cannot find symbol
  symbol:   class File
  location: class vue.EstimationProd.PageEstimationPVGISOffGrid
[ERROR] /C:/Users/user/Downloads/appli_pre_etudes/appli_pre_etudes/src/vue/EstimationProd/PageEstimationPVGISOffGrid.java:[306,9] cannot find symbol
  symbol:   class File
  location: class vue.EstimationProd.PageEstimationPVGISOffGrid
[ERROR] /C:/Users/user/Downloads/appli_pre_etudes/appli_pre_etudes/src/vue/EstimationProd/PageEstimationPVGISOffGrid.java:[306,87] cannot find symbol
  symbol:   class File
  location: class vue.EstimationProd.PageEstimationPVGISOffGrid
[INFO] 9 errors 
[INFO] -------------------------------------------------------------
[INFO] ------------------------------------------------------------------------
[INFO] BUILD FAILURE
[INFO] ------------------------------------------------------------------------
[INFO] Total time:  12.770 s
[INFO] Finished at: 2025-09-11T01:46:47+02:00
[INFO] ------------------------------------------------------------------------
[ERROR] Failed to execute goal org.apache.maven.plugins:maven-compiler-plugin:3.11.0:compile (default-compile) on project appli_pre_etudes: Compilation failure: Compilation failure: 
[ERROR] /C:/Users/user/Downloads/appli_pre_etudes/appli_pre_etudes/src/vue/util/FinancialChartsRenderer.java:[11,14] class FinancialCharts is public, should be declared in a file named FinancialCharts.java
[ERROR] /C:/Users/user/Downloads/appli_pre_etudes/appli_pre_etudes/src/vue/util/ChartFactory.java:[15,14] class ChartsFactory is public, should be declared in a file named ChartsFactory.java
[ERROR] /C:/Users/user/Downloads/appli_pre_etudes/appli_pre_etudes/src/vue/util/ChartsFactory.java:[15,14] duplicate class: vue.util.ChartsFactory
[ERROR] /C:/Users/user/Downloads/appli_pre_etudes/appli_pre_etudes/src/vue/EstimationProd/PageEstimationPVGISOffGrid.java:[273,9] cannot find symbol
[ERROR]   symbol:   class File
[ERROR]   location: class vue.EstimationProd.PageEstimationPVGISOffGrid
[ERROR] /C:/Users/user/Downloads/appli_pre_etudes/appli_pre_etudes/src/vue/EstimationProd/PageEstimationPVGISOffGrid.java:[275,9] cannot find symbol
[ERROR]   symbol:   class File
[ERROR]   location: class vue.EstimationProd.PageEstimationPVGISOffGrid
[ERROR] /C:/Users/user/Downloads/appli_pre_etudes/appli_pre_etudes/src/vue/EstimationProd/PageEstimationPVGISOffGrid.java:[275,87] cannot find symbol
[ERROR]   symbol:   class File
[ERROR]   location: class vue.EstimationProd.PageEstimationPVGISOffGrid
[ERROR] /C:/Users/user/Downloads/appli_pre_etudes/appli_pre_etudes/src/vue/EstimationProd/PageEstimationPVGISOffGrid.java:[304,9] cannot find symbol
[ERROR]   symbol:   class File
[ERROR]   location: class vue.EstimationProd.PageEstimationPVGISOffGrid
[ERROR] /C:/Users/user/Downloads/appli_pre_etudes/appli_pre_etudes/src/vue/EstimationProd/PageEstimationPVGISOffGrid.java:[306,9] cannot find symbol
[ERROR]   symbol:   class File
[ERROR]   location: class vue.EstimationProd.PageEstimationPVGISOffGrid
[ERROR] /C:/Users/user/Downloads/appli_pre_etudes/appli_pre_etudes/src/vue/EstimationProd/PageEstimationPVGISOffGrid.java:[306,87] cannot find symbol
[ERROR]   symbol:   class File
[ERROR]   location: class vue.EstimationProd.PageEstimationPVGISOffGrid
[ERROR] -> [Help 1]
[ERROR] 
[ERROR] To see the full stack trace of the errors, re-run Maven with the -e switch.
[ERROR] Re-run Maven using the -X switch to enable full debug logging.
[ERROR] 
[ERROR] For more information about the errors and possible solutions, please read the following articles:
[ERROR] [Help 1] http://cwiki.apache.org/confluence/display/MAVEN/MojoFailureException
